// Jest Snapshot v1, https://goo.gl/fbAQLP

exports[`Tests Button should match snapshot 1`] = `
<button
  className="sc-bczRLJ ebkUcz"
  color="primary"
>
  click me
</button>
`;
