// Jest Snapshot v1, https://goo.gl/fbAQLP

exports[`Tests Footer should math snapshot 1`] = `
<footer
  className="sc-bczRLJ fZTJYA"
>
  Develop by @ ðŸŽ© HermandoThiago
</footer>
`;
